\BOOKMARK [1][-]{section.1}{\376\377\000E\000n\000v\000i\000r\000o\000n\000n\000e\000m\000e\000n\000t}{}% 1
\BOOKMARK [1][-]{section.2}{\376\377\000C\000o\000n\000t\000e\000x\000t\000e}{}% 2
\BOOKMARK [2][-]{subsection.2.1}{\376\377\000C\000o\000n\000t\000e\000x\000t\000e\000\040\000d\000u\000\040\000s\000u\000j\000e\000t}{section.2}% 3
\BOOKMARK [2][-]{subsection.2.2}{\376\377\000C\000o\000n\000t\000e\000x\000t\000e\000\040\000b\000i\000o\000l\000o\000g\000i\000q\000u\000e}{section.2}% 4
\BOOKMARK [1][-]{section.3}{\376\377\000P\000r\000\351\000p\000a\000r\000a\000t\000i\000o\000n\000\040\000d\000e\000s\000\040\000d\000o\000n\000n\000\351\000e\000s}{}% 5
\BOOKMARK [2][-]{subsection.3.1}{\376\377\000L\000e\000\040\000s\000\351\000q\000u\000e\000n\000\347\000a\000g\000e\000\040\000v\000i\000r\000a\000l}{section.3}% 6
\BOOKMARK [2][-]{subsection.3.2}{\376\377\000A\000l\000i\000g\000n\000e\000m\000e\000n\000t\000s\000\040\000m\000u\000l\000t\000i\000p\000l\000e\000s\000\040\000d\000e\000\040\000s\000\351\000q\000u\000e\000n\000c\000e\000s}{section.3}% 7
\BOOKMARK [3][-]{subsubsection.3.2.1}{\376\377\000A\000l\000i\000g\000n\000e\000m\000e\000n\000t\000\040\000p\000r\000o\000g\000r\000e\000s\000s\000i\000f\000\040\000p\000a\000r\000\040\000r\000a\000p\000p\000o\000r\000t\000\040\000\340\000\040\000u\000n\000e\000\040\000s\000\351\000q\000u\000e\000n\000c\000e\000\040\000d\000e\000\040\000r\000\351\000f\000\351\000r\000e\000n\000c\000e}{subsection.3.2}% 8
\BOOKMARK [3][-]{subsubsection.3.2.2}{\376\377\000M\000a\000t\000r\000i\000c\000e\000s\000\040\000d\000e\000\040\000s\000u\000b\000s\000t\000i\000t\000u\000t\000i\000o\000n}{subsection.3.2}% 9
\BOOKMARK [3][-]{subsubsection.3.2.3}{\376\377\000P\000\351\000n\000a\000l\000i\000t\000\351\000s\000\040\000d\000e\000\040\000g\000a\000p}{subsection.3.2}% 10
\BOOKMARK [2][-]{subsection.3.3}{\376\377\000T\000r\000a\000i\000t\000e\000m\000e\000n\000t\000\040\000d\000e\000s\000\040\000v\000a\000l\000e\000u\000r\000s\000\040\000m\000a\000n\000q\000u\000a\000n\000t\000e\000s}{section.3}% 11
\BOOKMARK [1][-]{section.4}{\376\377\000M\000o\000d\000\351\000l\000i\000s\000a\000t\000i\000o\000n\000\040\000s\000t\000a\000t\000i\000s\000t\000i\000q\000u\000e}{}% 12
\BOOKMARK [2][-]{subsubsection.4.0.1}{\376\377\000M\000o\000d\000\350\000l\000e\000\040\000d\000'\000a\000s\000s\000o\000c\000i\000a\000t\000i\000o\000n\000\040\000`\000`\000c\000l\000a\000s\000s\000i\000q\000u\000e\000'\000'}{section.4}% 13
\BOOKMARK [3][-]{subsubsection.4.0.2}{\376\377\000L\000i\000m\000i\000t\000e\000s\000\040\000d\000u\000\040\000m\000o\000d\000\350\000l\000e\000\040\000`\000`\000c\000l\000a\000s\000s\000i\000q\000u\000e\000'\000'}{subsubsection.4.0.1}% 14
\BOOKMARK [2][-]{subsection.4.1}{\376\377\000M\000o\000d\000\350\000l\000e\000\040\000a\000v\000e\000c\000\040\000d\000\351\000p\000e\000n\000d\000a\000n\000c\000e\000s\000\040\000:\000\040\000G\000r\000a\000p\000h\000\040\000F\000u\000s\000e\000d\000\040\000L\000a\000s\000s\000o}{section.4}% 15
\BOOKMARK [3][-]{subsubsection.4.1.1}{\376\377\000C\000o\000n\000s\000t\000r\000u\000c\000t\000i\000o\000n\000\040\000d\000u\000\040\000g\000r\000a\000p\000h\000e\000\040\000d\000e\000\040\000c\000o\000r\000r\000\351\000l\000a\000t\000i\000o\000n}{subsection.4.1}% 16
\BOOKMARK [3][-]{subsubsection.4.1.2}{\376\377\000C\000h\000o\000i\000x\000\040\000d\000e\000s\000\040\000p\000a\000r\000a\000m\000\350\000t\000r\000e\000s\000\040\000d\000e\000\040\000r\000\351\000g\000u\000l\000a\000r\000i\000s\000a\000t\000i\000o\000n}{subsection.4.1}% 17
\BOOKMARK [3][-]{subsubsection.4.1.3}{\376\377\000O\000p\000t\000i\000m\000i\000s\000a\000t\000i\000o\000n\000\040\000d\000u\000\040\000m\000o\000d\000\350\000l\000e\000\040\000:\000\040\000a\000l\000g\000o\000r\000i\000t\000h\000m\000e\000\040\000F\000I\000S\000T\000A}{subsection.4.1}% 18
\BOOKMARK [3][-]{subsubsection.4.1.4}{\376\377\000C\000a\000l\000c\000u\000l\000s\000\040\000d\000u\000\040\000g\000r\000a\000d\000i\000e\000n\000t}{subsection.4.1}% 19
\BOOKMARK [3][-]{subsubsection.4.1.5}{\376\377\000C\000a\000l\000c\000u\000l\000s\000\040\000d\000u\000\040\000g\000r\000a\000d\000i\000e\000n\000t}{subsection.4.1}% 20
\BOOKMARK [3][-]{subsubsection.4.1.6}{\376\377\000L\000i\000m\000i\000t\000e\000s\000\040\000d\000e\000\040\000l\000'\000a\000l\000g\000o\000r\000i\000t\000h\000m\000e\000\040\000F\000I\000S\000T\000A}{subsection.4.1}% 21
\BOOKMARK [2][-]{subsection.4.2}{\376\377\000M\000o\000d\000\350\000l\000e\000\040\000a\000v\000e\000c\000\040\000e\000f\000f\000e\000t\000s\000\040\000a\000l\000\351\000a\000t\000o\000i\000r\000e\000s}{section.4}% 22
\BOOKMARK [3][-]{subsubsection.4.2.1}{\376\377\000E\000s\000t\000i\000m\000a\000t\000i\000o\000n\000\040\000-\000\040\000T\000e\000s\000t\000\040\000d\000u\000\040\000s\000c\000o\000r\000e\000\040\000d\000e\000\040\000R\000a\000o}{subsection.4.2}% 23
\BOOKMARK [3][-]{subsubsection.4.2.2}{\376\377\000E\000s\000t\000i\000m\000a\000t\000i\000o\000n\000\040\000a\000p\000p\000r\000o\000c\000h\000\351\000e\000\040\000d\000e\000\040\000l\000'\000e\000f\000f\000e\000t\000\040\000i\000j}{subsection.4.2}% 24
\BOOKMARK [1][-]{section.5}{\376\377\000R\000\351\000s\000u\000l\000t\000a\000t\000s\000\040\000e\000t\000\040\000d\000i\000s\000c\000u\000s\000s\000i\000o\000n}{}% 25
\BOOKMARK [2][-]{subsection.5.1}{\376\377\000C\000h\000o\000i\000x\000\040\000d\000u\000\040\000c\000o\000d\000a\000g\000e}{section.5}% 26
\BOOKMARK [3][-]{subsubsection.5.1.1}{\376\377\000D\000e\000s\000c\000r\000i\000p\000t\000i\000o\000n\000\040\000d\000e\000s\000\040\000d\000o\000n\000n\000\351\000e\000s\000\040\000h\000e\000p\000a\000t\000i\000t\000e\000\040\000C}{subsection.5.1}% 27
\BOOKMARK [3][-]{subsubsection.5.1.2}{\376\377\000D\000e\000s\000c\000r\000i\000p\000t\000i\000o\000n\000\040\000d\000e\000s\000\040\000d\000o\000n\000n\000\351\000e\000s\000\040\000D\000e\000n\000g\000u\000e}{subsection.5.1}% 28
\BOOKMARK [2][-]{subsection.5.2}{\376\377\000M\000o\000d\000\350\000l\000e\000s\000\040\000l\000i\000\351\000n\000a\000i\000r\000e\000\040\000g\000\351\000n\000\351\000a\000r\000a\000l\000i\000s\000\351\000\040\000a\000v\000e\000c\000\040\000e\000f\000f\000e\000t\000s\000\040\000a\000l\000\351\000a\000t\000o\000i\000r\000e\000s}{section.5}% 29
\BOOKMARK [3][-]{subsubsection.5.2.1}{\376\377\000C\000o\000d\000a\000g\000e\000\040\000b\000i\000n\000a\000i\000r\000e\000\040\000s\000u\000r\000\040\000l\000'\000H\000C\000V}{subsection.5.2}% 30
\BOOKMARK [3][-]{subsubsection.5.2.2}{\376\377\000C\000o\000d\000a\000g\000e\000\040\000b\000i\000n\000a\000i\000r\000e\000\040\000s\000u\000r\000\040\000l\000a\000\040\000d\000e\000n\000g\000u\000e}{subsection.5.2}% 31
\BOOKMARK [3][-]{subsubsection.5.2.3}{\376\377\000A\000v\000e\000c\000\040\000u\000n\000\040\000c\000o\000d\000a\000g\000e\000\040\000c\000o\000n\000t\000i\000n\000u\000\040\000s\000u\000r\000\040\000l\000'\000H\000C\000V}{subsection.5.2}% 32
\BOOKMARK [3][-]{subsubsection.5.2.4}{\376\377\000A\000v\000e\000c\000\040\000u\000n\000\040\000c\000o\000d\000a\000g\000e\000\040\000c\000o\000n\000t\000i\000n\000u\000\040\000s\000u\000r\000\040\000l\000a\000\040\000d\000e\000n\000g\000u\000e}{subsection.5.2}% 33
\BOOKMARK [2][-]{subsection.5.3}{\376\377\000P\000e\000r\000f\000o\000r\000m\000a\000n\000c\000e\000s\000\040\000d\000u\000\040\000m\000o\000d\000\350\000l\000e\000\040\000r\000e\000t\000e\000n\000u}{section.5}% 34
\BOOKMARK [1][-]{section.6}{\376\377\000C\000o\000n\000c\000l\000u\000s\000i\000o\000n\000\040\000e\000t\000\040\000p\000e\000r\000s\000p\000e\000c\000t\000i\000v\000e\000s}{}% 35
\BOOKMARK [1][-]{section.7}{\376\377\000A\000n\000n\000e\000x\000e\000s}{}% 36
\BOOKMARK [2][-]{subsection.7.1}{\376\377\000A\000n\000n\000e\000x\000e\000\040\0001}{section.7}% 37
\BOOKMARK [1][-]{section.8}{\376\377\000B\000i\000b\000l\000i\000o\000g\000r\000a\000p\000h\000i\000e}{}% 38
